Testing fetchOrders...
node.exe : ERROR 
fetching orders: {
No linha:1 caractere:1
+ & "C:\Program 
Files\nodejs/node.exe" 
"C:\Program 
Files\nodejs/node_mo 
...
+ ~~~~~~~~~~~~~~~~~~~~~
~~~~~~~~~~~~~~~~~~~~~~~
~~~~~~~~~~~~~~~~~~~~~~~
~~
    + CategoryInfo     
         : NotSpecifi  
  ed: (ERROR fetchin   
 g orders: {:String    
) [], RemoteExcept    
ion
    + FullyQualifiedEr 
   rorId : NativeComm  
  andError
 
  "code": "42703",
  "details": null,
  "hint": null,
  "message": "column 
profiles_1.email does 
not exist"
}
